
> react-typescript-starter@0.1.0 test
> react-scripts test --coverage

  console.error
    Warning: validateDOMNesting(...): <div> cannot appear as a descendant of <p>.
        at div
        at p
        at div
        at div
        at div
        at PimpVsDestroy (/home/runner/work/final-project-start/final-project-start/src/components/PimpVsDestroy.tsx:7:41)
        at div
        at App

      4 |
      5 | test("renders the course name somewhere", () => {
    > 6 |     render(<App />);
        |           ^
      7 |     const linkElement = screen.getByText(/CISC275/i);
      8 |     expect(linkElement).toBeInTheDocument();
      9 | });

      at printWarning (node_modules/react-dom/cjs/react-dom.development.js:67:30)
      at error (node_modules/react-dom/cjs/react-dom.development.js:43:5)
      at validateDOMNesting (node_modules/react-dom/cjs/react-dom.development.js:10083:7)
      at createInstance (node_modules/react-dom/cjs/react-dom.development.js:10181:5)
      at completeWork (node_modules/react-dom/cjs/react-dom.development.js:19464:28)
      at completeUnitOfWork (node_modules/react-dom/cjs/react-dom.development.js:22812:16)
      at performUnitOfWork (node_modules/react-dom/cjs/react-dom.development.js:22787:5)
      at workLoopSync (node_modules/react-dom/cjs/react-dom.development.js:22707:5)
      at renderRootSync (node_modules/react-dom/cjs/react-dom.development.js:22670:7)
      at performSyncWorkOnRoot (node_modules/react-dom/cjs/react-dom.development.js:22293:18)
      at scheduleUpdateOnFiber (node_modules/react-dom/cjs/react-dom.development.js:21881:7)
      at updateContainer (node_modules/react-dom/cjs/react-dom.development.js:25482:3)
      at node_modules/react-dom/cjs/react-dom.development.js:26021:7
      at unbatchedUpdates (node_modules/react-dom/cjs/react-dom.development.js:22431:12)
      at legacyRenderSubtreeIntoContainer (node_modules/react-dom/cjs/react-dom.development.js:26020:5)
      at Object.render (node_modules/react-dom/cjs/react-dom.development.js:26103:10)
      at node_modules/@testing-library/react/dist/pure.js:101:25
      at batchedUpdates$1 (node_modules/react-dom/cjs/react-dom.development.js:22380:12)
      at act (node_modules/react-dom/cjs/react-dom-test-utils.development.js:1042:14)
      at render (node_modules/@testing-library/react/dist/pure.js:97:26)
      at Object.<anonymous> (src/App.test.tsx:6:11)
      at TestScheduler.scheduleTests (node_modules/@jest/core/build/TestScheduler.js:333:13)
      at runJest (node_modules/@jest/core/build/runJest.js:404:19)
      at _run10000 (node_modules/@jest/core/build/cli/index.js:320:7)
      at runCLI (node_modules/@jest/core/build/cli/index.js:173:3)

PASS src/App.test.tsx
  ✓ renders the course name somewhere (92 ms)

------------------------------|---------|----------|---------|---------|---------------------------
File                          | % Stmts | % Branch | % Funcs | % Lines | Uncovered Line #s         
------------------------------|---------|----------|---------|---------|---------------------------
All files                     |   32.35 |    20.93 |    23.8 |   33.84 |                           
 src                          |    1.36 |        0 |    4.16 |    1.44 |                           
  App.tsx                     |     100 |      100 |     100 |     100 |                           
  Board.tsx                   |       0 |        0 |       0 |       0 | 7-96                      
  BoardSquare.tsx             |       0 |        0 |       0 |       0 | 16-56                     
  Overlay.tsx                 |       0 |      100 |       0 |       0 | 7-8                       
  Pic.tsx                     |       0 |        0 |       0 |       0 | 9-18                      
  Square.tsx                  |       0 |        0 |       0 |       0 | 7-11                      
  constants.ts                |       0 |      100 |     100 |       0 | 1                         
  game.ts                     |       0 |        0 |       0 |       0 | 3-47                      
 src/components               |   67.74 |    64.28 |   47.05 |      70 |                           
  Car.tsx                     |    61.7 |       50 |      30 |   64.44 | 64-67,71-73,77-85,119-135 
  CarSpace.tsx                |     100 |       75 |     100 |     100 | 11                        
  Destroy.tsx                 |      50 |      100 |       0 |      50 | 12                        
  Pimp.tsx                    |     100 |      100 |     100 |     100 |                           
  PimpVsDestroy.tsx           |   66.66 |       75 |      50 |   66.66 | 12                        
 src/components/Destroy Tools |     100 |      100 |     100 |     100 |                           
  DirtTool.tsx                |     100 |      100 |     100 |     100 |                           
------------------------------|---------|----------|---------|---------|---------------------------
Test Suites: 1 passed, 1 total
Tests:       1 passed, 1 total
Snapshots:   0 total
Time:        2.456 s
Ran all test suites.
